Performing C SOURCE FILE Test CMAKE_HAVE_LIBC_PTHREAD failed with the following output:
Change Dir: /home/maslab1/L-CDF/build/CMakeFiles/CMakeTmp

Run Build Command(s):/usr/bin/make cmTC_74e4c/fast && /usr/bin/make -f CMakeFiles/cmTC_74e4c.dir/build.make CMakeFiles/cmTC_74e4c.dir/build
make[1]: 进入目录“/home/maslab1/L-CDF/build/CMakeFiles/CMakeTmp”
Building C object CMakeFiles/cmTC_74e4c.dir/src.c.o
/usr/bin/cc   -DCMAKE_HAVE_LIBC_PTHREAD   -o CMakeFiles/cmTC_74e4c.dir/src.c.o   -c /home/maslab1/L-CDF/build/CMakeFiles/CMakeTmp/src.c
Linking C executable cmTC_74e4c
/usr/bin/cmake -E cmake_link_script CMakeFiles/cmTC_74e4c.dir/link.txt --verbose=1
/usr/bin/cc  -DCMAKE_HAVE_LIBC_PTHREAD    -rdynamic CMakeFiles/cmTC_74e4c.dir/src.c.o  -o cmTC_74e4c 
/usr/bin/ld: CMakeFiles/cmTC_74e4c.dir/src.c.o: in function `main':
src.c:(.text+0x46): undefined reference to `pthread_create'
/usr/bin/ld: src.c:(.text+0x52): undefined reference to `pthread_detach'
/usr/bin/ld: src.c:(.text+0x63): undefined reference to `pthread_join'
collect2: error: ld returned 1 exit status
make[1]: *** [CMakeFiles/cmTC_74e4c.dir/build.make:87：cmTC_74e4c] 错误 1
make[1]: 离开目录“/home/maslab1/L-CDF/build/CMakeFiles/CMakeTmp”
make: *** [Makefile:121：cmTC_74e4c/fast] 错误 2


Source file was:
#include <pthread.h>

void* test_func(void* data)
{
  return data;
}

int main(void)
{
  pthread_t thread;
  pthread_create(&thread, NULL, test_func, NULL);
  pthread_detach(thread);
  pthread_join(thread, NULL);
  pthread_atfork(NULL, NULL, NULL);
  pthread_exit(NULL);

  return 0;
}

Determining if the function pthread_create exists in the pthreads failed with the following output:
Change Dir: /home/maslab1/L-CDF/build/CMakeFiles/CMakeTmp

Run Build Command(s):/usr/bin/make cmTC_ca658/fast && /usr/bin/make -f CMakeFiles/cmTC_ca658.dir/build.make CMakeFiles/cmTC_ca658.dir/build
make[1]: 进入目录“/home/maslab1/L-CDF/build/CMakeFiles/CMakeTmp”
Building C object CMakeFiles/cmTC_ca658.dir/CheckFunctionExists.c.o
/usr/bin/cc   -DCHECK_FUNCTION_EXISTS=pthread_create   -o CMakeFiles/cmTC_ca658.dir/CheckFunctionExists.c.o   -c /usr/share/cmake-3.16/Modules/CheckFunctionExists.c
Linking C executable cmTC_ca658
/usr/bin/cmake -E cmake_link_script CMakeFiles/cmTC_ca658.dir/link.txt --verbose=1
/usr/bin/cc  -DCHECK_FUNCTION_EXISTS=pthread_create    -rdynamic CMakeFiles/cmTC_ca658.dir/CheckFunctionExists.c.o  -o cmTC_ca658  -lpthreads 
/usr/bin/ld: 找不到 -lpthreads
collect2: error: ld returned 1 exit status
make[1]: *** [CMakeFiles/cmTC_ca658.dir/build.make:87：cmTC_ca658] 错误 1
make[1]: 离开目录“/home/maslab1/L-CDF/build/CMakeFiles/CMakeTmp”
make: *** [Makefile:121：cmTC_ca658/fast] 错误 2



